[    0.000000] Initializing cgroup subsys cpuset
[    0.000000] Initializing cgroup subsys cpu
[    0.000000] Initializing cgroup subsys cpuacct
[    0.000000] Linux version 4.4.0-201-generic (buildd@lgw01-amd64-044) (gcc version 5.4.0 20160609 (Ubuntu 5.4.0-6ubuntu1~16.04.12) ) #233-Ubuntu SMP Thu Jan 14 06:10:28 UTC 2021 (Ubuntu 4.4.0-201.233-generic 4.4.247)
[    0.000000] Command line: BOOT_IMAGE=/boot/vmlinuz-4.4.0-201-generic root=LABEL=cloudimg-rootfs ro console=tty1 console=ttyS0
[    0.000000] KERNEL supported cpus:
[    0.000000]   Intel GenuineIntel
[    0.000000]   AMD AuthenticAMD
[    0.000000]   Centaur CentaurHauls
[    0.000000] x86/fpu: Legacy x87 FPU detected.
[    0.000000] e820: BIOS-provided physical RAM map:
[    0.000000] BIOS-e820: [mem 0x0000000000000000-0x000000000009fbff] usable
[    0.000000] BIOS-e820: [mem 0x000000000009fc00-0x000000000009ffff] reserved
[    0.000000] BIOS-e820: [mem 0x00000000000f0000-0x00000000000fffff] reserved
[    0.000000] BIOS-e820: [mem 0x0000000000100000-0x000000007ffeffff] usable
[    0.000000] BIOS-e820: [mem 0x000000007fff0000-0x000000007fffffff] ACPI data
[    0.000000] BIOS-e820: [mem 0x00000000fec00000-0x00000000fec00fff] reserved
[    0.000000] BIOS-e820: [mem 0x00000000fee00000-0x00000000fee00fff] reserved
[    0.000000] BIOS-e820: [mem 0x00000000fffc0000-0x00000000ffffffff] reserved
[    0.000000] NX (Execute Disable) protection: active
[    0.000000] SMBIOS 2.5 present.
[    0.000000] Hypervisor detected: KVM
[    0.000000] e820: last_pfn = 0x7fff0 max_arch_pfn = 0x400000000
[    0.000000] MTRR: Disabled
[    0.000000] x86/PAT: MTRRs disabled, skipping PAT initialization too.
[    0.000000] CPU MTRRs all blank - virtualized system.
[    0.000000] x86/PAT: Configuration [0-7]: WB  WT  UC- UC  WB  WT  UC- UC  
[    0.000000] found SMP MP-table at [mem 0x0009fff0-0x0009ffff] mapped at [ffff88000009fff0]
[    0.000000] Scanning 1 areas for low memory corruption
[    0.000000] RAMDISK: [mem 0x362e0000-0x37167fff]
[    0.000000] ACPI: Early table checksum verification disabled
[    0.000000] ACPI: RSDP 0x00000000000E0000 000024 (v02 VBOX  )
[    0.000000] ACPI: XSDT 0x000000007FFF0030 00003C (v01 VBOX   VBOXXSDT 00000001 ASL  00000061)
[    0.000000] ACPI: FACP 0x000000007FFF00F0 0000F4 (v04 VBOX   VBOXFACP 00000001 ASL  00000061)
[    0.000000] ACPI: DSDT 0x000000007FFF0470 002325 (v02 VBOX   VBOXBIOS 00000002 INTL 20100528)
[    0.000000] ACPI: FACS 0x000000007FFF0200 000040
[    0.000000] ACPI: FACS 0x000000007FFF0200 000040
[    0.000000] ACPI: APIC 0x000000007FFF0240 00005C (v02 VBOX   VBOXAPIC 00000001 ASL  00000061)
[    0.000000] ACPI: SSDT 0x000000007FFF02A0 0001CC (v01 VBOX   VBOXCPUT 00000002 INTL 20100528)
[    0.000000] No NUMA configuration found
[    0.000000] Faking a node at [mem 0x0000000000000000-0x000000007ffeffff]
[    0.000000] NODE_DATA(0) allocated [mem 0x7ffeb000-0x7ffeffff]
[    0.000000] kvm-clock: Using msrs 4b564d01 and 4b564d00
[    0.000000] kvm-clock: cpu 0, msr 0:7ffe3001, primary cpu clock
[    0.000000] kvm-clock: using sched offset of 3874844557 cycles
[    0.000000] clocksource: kvm-clock: mask: 0xffffffffffffffff max_cycles: 0x1cd42e4dffb, max_idle_ns: 881590591483 ns
[    0.000000] Zone ranges:
[    0.000000]   DMA      [mem 0x0000000000001000-0x0000000000ffffff]
[    0.000000]   DMA32    [mem 0x0000000001000000-0x000000007ffeffff]
[    0.000000]   Normal   empty
[    0.000000]   Device   empty
[    0.000000] Movable zone start for each node
[    0.000000] Early memory node ranges
[    0.000000]   node   0: [mem 0x0000000000001000-0x000000000009efff]
[    0.000000]   node   0: [mem 0x0000000000100000-0x000000007ffeffff]
[    0.000000] Initmem setup node 0 [mem 0x0000000000001000-0x000000007ffeffff]
[    0.000000] ACPI: PM-Timer IO Port: 0x4008
[    0.000000] IOAPIC[0]: apic_id 2, version 32, address 0xfec00000, GSI 0-23
[    0.000000] ACPI: INT_SRC_OVR (bus 0 bus_irq 0 global_irq 2 dfl dfl)
[    0.000000] ACPI: INT_SRC_OVR (bus 0 bus_irq 9 global_irq 9 low level)
[    0.000000] Using ACPI (MADT) for SMP configuration information
[    0.000000] smpboot: Allowing 2 CPUs, 0 hotplug CPUs
[    0.000000] PM: Registered nosave memory: [mem 0x00000000-0x00000fff]
[    0.000000] PM: Registered nosave memory: [mem 0x0009f000-0x0009ffff]
[    0.000000] PM: Registered nosave memory: [mem 0x000a0000-0x000effff]
[    0.000000] PM: Registered nosave memory: [mem 0x000f0000-0x000fffff]
[    0.000000] e820: [mem 0x80000000-0xfebfffff] available for PCI devices
[    0.000000] Booting paravirtualized kernel on KVM
[    0.000000] clocksource: refined-jiffies: mask: 0xffffffff max_cycles: 0xffffffff, max_idle_ns: 7645519600211568 ns
[    0.000000] setup_percpu: NR_CPUS:512 nr_cpumask_bits:512 nr_cpu_ids:2 nr_node_ids:1
[    0.000000] PERCPU: Embedded 33 pages/cpu @ffff88007fc00000 s95640 r8192 d31336 u1048576
[    0.000000] Built 1 zonelists in Node order, mobility grouping on.  Total pages: 515960
[    0.000000] Policy zone: DMA32
[    0.000000] Kernel command line: BOOT_IMAGE=/boot/vmlinuz-4.4.0-201-generic root=LABEL=cloudimg-rootfs ro console=tty1 console=ttyS0
[    0.000000] PID hash table entries: 4096 (order: 3, 32768 bytes)
[    0.000000] Memory: 2029856K/2096696K available (8641K kernel code, 1337K rwdata, 4044K rodata, 1492K init, 1296K bss, 66840K reserved, 0K cma-reserved)
[    0.000000] SLUB: HWalign=64, Order=0-3, MinObjects=0, CPUs=2, Nodes=1
[    0.000000] Kernel/User page tables isolation: enabled
[    0.000000] Hierarchical RCU implementation.
[    0.000000] 	Build-time adjustment of leaf fanout to 64.
[    0.000000] 	RCU restricting CPUs from NR_CPUS=512 to nr_cpu_ids=2.
[    0.000000] RCU: Adjusting geometry for rcu_fanout_leaf=64, nr_cpu_ids=2
[    0.000000] NR_IRQS:33024 nr_irqs:440 16
[    0.000000] Console: colour VGA+ 80x25
[    0.000000] console [tty1] enabled
[    0.000000] console [ttyS0] enabled
[    0.000000] tsc: Detected 3192.012 MHz processor
[    0.633996] Calibrating delay loop (skipped) preset value.. 6384.02 BogoMIPS (lpj=12768048)
[    0.640074] pid_max: default: 32768 minimum: 301
[    0.643258] ACPI: Core revision 20150930
[    0.646889] ACPI: 2 ACPI AML tables successfully acquired and loaded
[    0.651659] Security Framework initialized
[    0.654276] Yama: becoming mindful.
[    0.656833] AppArmor: AppArmor initialized
[    0.659799] Dentry cache hash table entries: 262144 (order: 9, 2097152 bytes)
[    0.673628] Inode-cache hash table entries: 131072 (order: 8, 1048576 bytes)
[    0.682194] Mount-cache hash table entries: 4096 (order: 3, 32768 bytes)
[    0.687315] Mountpoint-cache hash table entries: 4096 (order: 3, 32768 bytes)
[    0.694089] Initializing cgroup subsys io
[    0.697530] Initializing cgroup subsys memory
[    0.700481] Initializing cgroup subsys devices
[    0.703968] Initializing cgroup subsys freezer
[    0.706792] Initializing cgroup subsys net_cls
[    0.710400] Initializing cgroup subsys perf_event
[    0.713943] Initializing cgroup subsys net_prio
[    0.717428] Initializing cgroup subsys hugetlb
[    0.721071] Initializing cgroup subsys pids
[    0.724403] mce: CPU supports 0 MCE banks
[    0.727289] Last level iTLB entries: 4KB 64, 2MB 8, 4MB 8
[    0.731497] Last level dTLB entries: 4KB 64, 2MB 0, 4MB 0, 1GB 4
[    0.735977] Spectre V1 : Mitigation: usercopy/swapgs barriers and __user pointer sanitization
[    0.741716] Spectre V2 : Mitigation: Full generic retpoline
[    0.745887] Spectre V2 : Spectre v2 / SpectreRSB mitigation: Filling RSB on context switch
[    0.751697] Speculative Store Bypass: Vulnerable
[    0.756053] MDS: Mitigation: Clear CPU buffers
[    0.777229] Freeing SMP alternatives memory: 36K
[    0.820659] ftrace: allocating 32361 entries in 127 pages
[    1.324582] smpboot: APIC(0) Converting physical 0 to logical package 0
[    1.329601] smpboot: Max logical packages: 1
[    1.345329] ..TIMER: vector=0x30 apic1=0 pin1=2 apic2=-1 pin2=-1
[    1.458819] smpboot: CPU0: Intel(R) Core(TM) i7-8700 CPU @ 3.20GHz (family: 0x6, model: 0x9e, stepping: 0xa)
[    1.467632] Performance Events: unsupported p6 CPU model 158 no PMU driver, software events only.
[    1.517368] KVM setup paravirtual spinlock
[    1.522752] x86: Booting SMP configuration:
[    1.526386] .... node  #0, CPUs:      #1
[    1.530098] kvm-clock: cpu 1, msr 0:7ffe3041, secondary cpu clock
[    1.532990] mce: CPU supports 0 MCE banks
[    1.535942] TSC synchronization [CPU#0 -> CPU#1]:
[    1.539012] Measured 61029 cycles TSC warp between CPUs, turning off TSC clock.
[    1.543429] tsc: Marking TSC unstable due to check_tsc_sync_source failed
[    0.409461] x86: Booted up 1 node, 2 CPUs
[    0.412005] smpboot: Total of 2 processors activated (12768.04 BogoMIPS)
[    0.420771] devtmpfs: initialized
[    0.425317] evm: security.selinux
[    0.428006] evm: security.SMACK64
[    0.430099] evm: security.SMACK64EXEC
[    0.432004] evm: security.SMACK64TRANSMUTE
[    0.436005] evm: security.SMACK64MMAP
[    0.438462] evm: security.ima
[    0.440003] evm: security.capability
[    0.444363] clocksource: jiffies: mask: 0xffffffff max_cycles: 0xffffffff, max_idle_ns: 7645041785100000 ns
[    0.448017] futex hash table entries: 512 (order: 3, 32768 bytes)
[    0.456280] pinctrl core: initialized pinctrl subsystem
[    0.460184] RTC time:  7:36:34, date: 02/15/21
[    0.464131] NET: Registered protocol family 16
[    0.476008] cpuidle: using governor ladder
[    0.488014] cpuidle: using governor menu
[    0.490893] PCCT header not found.
[    0.492147] ACPI: bus type PCI registered
[    0.496003] acpiphp: ACPI Hot Plug PCI Controller Driver version: 0.5
[    0.500379] PCI: Using configuration type 1 for base access
[    0.520573] ACPI: Added _OSI(Module Device)
[    0.524007] ACPI: Added _OSI(Processor Device)
[    0.528002] ACPI: Added _OSI(3.0 _SCP Extensions)
[    0.530796] ACPI: Added _OSI(Processor Aggregator Device)
[    0.536164] ACPI: Executed 1 blocks of module-level executable AML code
[    0.544379] ACPI: Interpreter enabled
[    0.547089] ACPI: (supports S0 S5)
[    0.548002] ACPI: Using IOAPIC for interrupt routing
[    0.552272] PCI: Using host bridge windows from ACPI; if necessary, use "pci=nocrs" and report a bug
[    0.563811] ACPI: PCI Root Bridge [PCI0] (domain 0000 [bus 00-ff])
[    0.564006] acpi PNP0A03:00: _OSC: OS supports [ASPM ClockPM Segments MSI]
[    0.568479] acpi PNP0A03:00: _OSC: not requesting OS control; OS requires [ExtendedConfig ASPM ClockPM MSI]
[    0.572015] acpi PNP0A03:00: fail to add MMCONFIG information, can't access extended PCI configuration space under this bridge.
[    0.576455] PCI host bridge to bus 0000:00
[    0.580007] pci_bus 0000:00: root bus resource [io  0x0000-0x0cf7 window]
[    0.584007] pci_bus 0000:00: root bus resource [io  0x0d00-0xffff window]
[    0.588003] pci_bus 0000:00: root bus resource [mem 0x000a0000-0x000bffff window]
[    0.592004] pci_bus 0000:00: root bus resource [mem 0x80000000-0xfdffffff window]
[    0.596008] pci_bus 0000:00: root bus resource [bus 00-ff]
[    0.607078] pci 0000:00:01.1: legacy IDE quirk: reg 0x10: [io  0x01f0-0x01f7]
[    0.608004] pci 0000:00:01.1: legacy IDE quirk: reg 0x14: [io  0x03f6]
[    0.612006] pci 0000:00:01.1: legacy IDE quirk: reg 0x18: [io  0x0170-0x0177]
[    0.616004] pci 0000:00:01.1: legacy IDE quirk: reg 0x1c: [io  0x0376]
[    0.681563] pci 0000:00:07.0: quirk: [io  0x4000-0x403f] claimed by PIIX4 ACPI
[    0.700026] pci 0000:00:07.0: quirk: [io  0x4100-0x410f] claimed by PIIX4 SMB
[    0.724590] ACPI: PCI Interrupt Link [LNKA] (IRQs 5 9 10 *11)
[    0.764334] ACPI: PCI Interrupt Link [LNKB] (IRQs 5 9 *10 11)
[    0.776115] ACPI: PCI Interrupt Link [LNKC] (IRQs 5 *9 10 11)
[    0.789576] ACPI: PCI Interrupt Link [LNKD] (IRQs 5 9 10 *11)
[    0.801547] ACPI: Enabled 2 GPEs in block 00 to 07
[    0.812340] vgaarb: setting as boot device: PCI:0000:00:02.0
[    0.816000] vgaarb: device added: PCI:0000:00:02.0,decodes=io+mem,owns=io+mem,locks=none
[    0.832004] vgaarb: loaded
[    0.836003] vgaarb: bridge control possible 0000:00:02.0
[    0.850405] SCSI subsystem initialized
[    0.856110] ACPI: bus type USB registered
[    0.864036] usbcore: registered new interface driver usbfs
[    0.872021] usbcore: registered new interface driver hub
[    0.880131] usbcore: registered new device driver usb
[    0.888266] PCI: Using ACPI for IRQ routing
[    0.896491] NetLabel: Initializing
[    0.900004] NetLabel:  domain hash size = 128
[    0.908004] NetLabel:  protocols = UNLABELED CIPSOv4
[    0.916022] NetLabel:  unlabeled traffic allowed by default
[    0.920079] amd_nb: Cannot enumerate AMD northbridges
[    0.928232] clocksource: Switched to clocksource kvm-clock
[    0.965721] AppArmor: AppArmor Filesystem Enabled
[    0.969544] pnp: PnP ACPI init
[    0.972672] pnp: PnP ACPI: found 3 devices
[    0.982932] clocksource: acpi_pm: mask: 0xffffff max_cycles: 0xffffff, max_idle_ns: 2085701024 ns
[    0.990980] NET: Registered protocol family 2
[    0.995531] TCP established hash table entries: 16384 (order: 5, 131072 bytes)
[    1.003974] TCP bind hash table entries: 16384 (order: 6, 262144 bytes)
[    1.010464] TCP: Hash tables configured (established 16384 bind 16384)
[    1.016219] UDP hash table entries: 1024 (order: 3, 32768 bytes)
[    1.020821] UDP-Lite hash table entries: 1024 (order: 3, 32768 bytes)
[    1.025984] NET: Registered protocol family 1
[    1.029031] pci 0000:00:00.0: Limiting direct PCI/PCI transfers
[    1.033451] pci 0000:00:01.0: Activating ISA DMA hang workarounds
[    1.037975] Unpacking initramfs...
[    1.410480] Freeing initrd memory: 14880K
[    1.414209] clocksource: tsc: mask: 0xffffffffffffffff max_cycles: 0x2e02d00002e, max_idle_ns: 440795202126 ns
[    1.420537] platform rtc_cmos: registered platform RTC device (no PNP device found)
[    1.425761] Scanning for low memory corruption every 60 seconds
[    1.431072] audit: initializing netlink subsys (disabled)
[    1.435558] audit: type=2000 audit(1613374599.748:1): initialized
[    1.440682] Initialise system trusted keyring
[    1.445327] HugeTLB registered 2 MB page size, pre-allocated 0 pages
[    1.452168] zbud: loaded
[    1.455601] VFS: Disk quotas dquot_6.6.0
[    1.458530] VFS: Dquot-cache hash table entries: 512 (order 0, 4096 bytes)
[    1.463921] squashfs: version 4.0 (2009/01/31) Phillip Lougher
[    1.469431] fuse init (API version 7.23)
[    1.472742] Key type big_key registered
[    1.475257] Allocating IMA MOK and blacklist keyrings.
[    1.497168] Key type asymmetric registered
[    1.500132] Asymmetric key parser 'x509' registered
[    1.503923] Block layer SCSI generic (bsg) driver version 0.4 loaded (major 249)
[    1.510861] io scheduler noop registered
[    1.513999] io scheduler deadline registered (default)
[    1.517845] io scheduler cfq registered
[    1.520858] pci_hotplug: PCI Hot Plug PCI Core version: 0.5
[    1.525671] pciehp: PCI Express Hot Plug Controller Driver version: 0.4
[    1.529855] ACPI: AC Adapter [AC] (on-line)
[    1.532538] input: Power Button as /devices/LNXSYSTM:00/LNXPWRBN:00/input/input0
[    1.538794] ACPI: Power Button [PWRF]
[    1.541805] input: Sleep Button as /devices/LNXSYSTM:00/LNXSLPBN:00/input/input1
[    1.546402] ACPI: Sleep Button [SLPF]
[    1.549695] GHES: HEST is not enabled!
[    1.552945] Serial: 8250/16550 driver, 32 ports, IRQ sharing enabled
[    1.579999] 00:02: ttyS0 at I/O 0x3f8 (irq = 4, base_baud = 115200) is a 16550A
[    1.601198] Linux agpgart interface v0.103
[    1.618631] loop: module loaded
[    1.623910] scsi host0: ata_piix
[    1.628332] scsi host1: ata_piix
[    1.631104] ata1: PATA max UDMA/33 cmd 0x1f0 ctl 0x3f6 bmdma 0xd000 irq 14
[    1.635762] ata2: PATA max UDMA/33 cmd 0x170 ctl 0x376 bmdma 0xd008 irq 15
[    1.640402] libphy: Fixed MDIO Bus: probed
[    1.643764] tun: Universal TUN/TAP device driver, 1.6
[    1.648510] tun: (C) 1999-2004 Max Krasnyansky <maxk@qualcomm.com>
[    1.652731] PPP generic driver version 2.4.2
[    1.656552] ehci_hcd: USB 2.0 'Enhanced' Host Controller (EHCI) Driver
[    1.660928] ehci-pci: EHCI PCI platform driver
[    1.664597] ehci-platform: EHCI generic platform driver
[    1.668164] ohci_hcd: USB 1.1 'Open' Host Controller (OHCI) Driver
[    1.672947] ohci-pci: OHCI PCI platform driver
[    1.675691] ohci-platform: OHCI generic platform driver
[    1.680120] uhci_hcd: USB Universal Host Controller Interface driver
[    1.684459] i8042: PNP: PS/2 Controller [PNP0303:PS2K,PNP0f03:PS2M] at 0x60,0x64 irq 1,12
[    1.692395] serio: i8042 KBD port at 0x60,0x64 irq 1
[    1.696606] serio: i8042 AUX port at 0x60,0x64 irq 12
[    1.700237] mousedev: PS/2 mouse device common for all mice
[    1.706947] input: AT Translated Set 2 keyboard as /devices/platform/i8042/serio0/input/input2
[    1.715451] rtc_cmos rtc_cmos: rtc core: registered rtc_cmos as rtc0
[    1.721910] rtc_cmos rtc_cmos: alarms up to one day, 114 bytes nvram
[    1.726549] i2c /dev entries driver
[    1.729555] device-mapper: uevent: version 1.0.3
[    1.732938] device-mapper: ioctl: 4.34.0-ioctl (2015-10-28) initialised: dm-devel@redhat.com
[    1.738568] ledtrig-cpu: registered to indicate activity on CPUs
[    1.745839] NET: Registered protocol family 10
[    1.750732] NET: Registered protocol family 17
[    1.755070] Key type dns_resolver registered
[    1.758674] registered taskstats version 1
[    1.762528] Loading compiled-in X.509 certificates
[    1.766299] Loaded X.509 cert 'Build time autogenerated kernel key: 9e5e2330314f2a00b0409bdb338e201244d5149f'
[    1.773182] zswap: loaded using pool lzo/zbud
[    1.781860] Key type trusted registered
[    1.793450] Key type encrypted registered
[    1.808150] AppArmor: AppArmor sha1 policy hashing enabled
[    1.812027] ima: No TPM chip found, activating TPM-bypass!
[    1.816423] ima: Allocated hash algorithm: sha1
[    1.819592] evm: HMAC attrs: 0x1
[    1.847186]   Magic number: 9:423:622
[    1.851224] rtc_cmos rtc_cmos: setting system clock to 2021-02-15 07:36:35 UTC (1613374595)
[    1.858332] BIOS EDD facility v0.16 2004-Jun-25, 0 devices found
[    1.863117] EDD information not available.
[    1.868441] Freeing unused kernel memory: 1492K
[    1.888161] Write protecting the kernel read-only data: 14336k
[    1.895448] Freeing unused kernel memory: 1588K
[    1.899984] Freeing unused kernel memory: 52K
Loading, please wait...
starting version 229
[    1.924815] random: systemd-udevd: uninitialized urandom read (16 bytes read, 5 bits of entropy available)
[    1.925021] random: udevadm: uninitialized urandom read (16 bytes read, 5 bits of entropy available)
[    1.925032] random: udevadm: uninitialized urandom read (16 bytes read, 5 bits of entropy available)
[    1.935909] random: udevadm: uninitialized urandom read (16 bytes read, 5 bits of entropy available)
[    1.935941] random: udevadm: uninitialized urandom read (16 bytes read, 5 bits of entropy available)
[    1.936230] random: udevadm: uninitialized urandom read (16 bytes read, 5 bits of entropy available)
[    1.936266] random: udevadm: uninitialized urandom read (16 bytes read, 5 bits of entropy available)
[    1.936353] random: udevadm: uninitialized urandom read (16 bytes read, 5 bits of entropy available)
[    1.936418] random: udevadm: uninitialized urandom read (16 bytes read, 5 bits of entropy available)
[    1.936456] random: udevadm: uninitialized urandom read (16 bytes read, 5 bits of entropy available)
[    2.031945] e1000: Intel(R) PRO/1000 Network Driver - version 7.3.21-k8-NAPI
[    2.038249] e1000: Copyright (c) 1999-2006 Intel Corporation.
[    2.048344] Fusion MPT base driver 3.04.20
[    2.052507] Copyright (c) 1999-2008 LSI Corporation
[    2.070195] Fusion MPT SPI Host driver 3.04.20
[    2.310420] input: ImExPS/2 Generic Explorer Mouse as /devices/platform/i8042/serio1/input/input4
[    2.681662] e1000 0000:00:03.0 eth0: (PCI:33MHz:32-bit) 02:0d:1b:31:1c:74
[    2.686518] e1000 0000:00:03.0 eth0: Intel(R) PRO/1000 Network Connection
[    2.693192] mptbase: ioc0: Initiating bringup
[    2.761930] ioc0: LSI53C1030 A0: Capabilities={Initiator}
[    2.936809] scsi host2: ioc0: LSI53C1030 A0, FwRev=00000000h, Ports=1, MaxQ=256, IRQ=20
[    3.054286] scsi 2:0:0:0: Direct-Access     VBOX     HARDDISK         1.0  PQ: 0 ANSI: 5
[    3.061089] scsi target2:0:0: Beginning Domain Validation
[    3.072873] scsi target2:0:0: Domain Validation skipping write tests
[    3.077306] scsi target2:0:0: Ending Domain Validation
[    3.080744] scsi target2:0:0: asynchronous
[    3.088744] scsi 2:0:1:0: Direct-Access     VBOX     HARDDISK         1.0  PQ: 0 ANSI: 5
[    3.094369] scsi target2:0:1: Beginning Domain Validation
[    3.106007] scsi target2:0:1: Domain Validation skipping write tests
[    3.110622] scsi target2:0:1: Ending Domain Validation
[    3.114567] scsi target2:0:1: asynchronous
[    3.132907] sd 2:0:0:0: Attached scsi generic sg0 type 0
[    3.137843] sd 2:0:0:0: [sda] 83886080 512-byte logical blocks: (42.9 GB/40.0 GiB)
[    3.143150] sd 2:0:1:0: Attached scsi generic sg1 type 0
[    3.151238] sd 2:0:1:0: [sdb] 20480 512-byte logical blocks: (10.5 MB/10.0 MiB)
[    3.158653] sd 2:0:0:0: [sda] Write Protect is off
[    3.182344] sd 2:0:1:0: [sdb] Write Protect is off
[    3.185985] sd 2:0:0:0: [sda] Incomplete mode parameter data
[    3.190838] sd 2:0:0:0: [sda] Assuming drive cache: write through
[    3.196021] sd 2:0:1:0: [sdb] Incomplete mode parameter data
[    3.200727] sd 2:0:1:0: [sdb] Assuming drive cache: write through
[    3.208824]  sda: sda1
[    3.214759] sd 2:0:0:0: [sda] Attached SCSI disk
[    3.220596] sd 2:0:1:0: [sdb] Attached SCSI disk
[    3.689503] e1000 0000:00:08.0 eth1: (PCI:33MHz:32-bit) 08:00:27:cb:b1:30
[    3.694451] e1000 0000:00:08.0 eth1: Intel(R) PRO/1000 Network Connection
[    3.701082] e1000 0000:00:03.0 enp0s3: renamed from eth0
[    3.717225] e1000 0000:00:08.0 enp0s8: renamed from eth1
Begin: Loading essential drivers ... [    5.218835] md: linear personality registered for level -1
[    5.227953] md: multipath personality registered for level -4
[    5.236483] md: raid0 personality registered for level 0
[    5.251607] md: raid1 personality registered for level 1
[    6.027884] raid6: sse2x1   gen() 171239 MB/s
[    8.015214] raid6: sse2x1   xor() 171253 MB/s
[   10.015155] raid6: sse2x2   gen() 271775 MB/s
[   10.091550] raid6: sse2x2   xor() 12659 MB/s
[   11.016352] raid6: sse2x4   gen() 288535 MB/s
[   11.090489] raid6: sse2x4   xor() 13826 MB/s
[   11.094065] raid6: using algorithm sse2x4 gen() 288535 MB/s
[   11.097681] raid6: .... xor() 13826 MB/s, rmw enabled
[   11.101521] raid6: using ssse3x2 recovery algorithm
[   11.107278] xor: measuring software checksum speed
[   11.152156]    prefetch64-sse: 25996.000 MB/sec
[   11.192072]    generic_sse: 21936.000 MB/sec
[   11.195187] xor: using function: prefetch64-sse (25996.000 MB/sec)
[   11.201096] async_tx: api initialized (async)
[   11.236819] md: raid6 personality registered for level 6
[   11.240706] md: raid5 personality registered for level 5
[   11.244173] md: raid4 personality registered for level 4
[   11.262878] md: raid10 personality registered for level 10
done.
Begin: Running /scripts/init-premount ... done.
Begin: Mounting root file system ... Begin: Running /scripts/local-top ... done.
Begin: Running /scripts/local-premount ... [   11.318598] Btrfs loaded
Scanning for Btrfs filesystems
done.
Warning: fsck not present, so skipping root file system
[   11.370122] EXT4-fs (sda1): mounted filesystem with ordered data mode. Opts: (null)
done.
Begin: Running /scripts/local-bottom ... done.
Begin: Running /scripts/init-bottom ... done.
[   11.530755] systemd[1]: systemd 229 running in system mode. (+PAM +AUDIT +SELINUX +IMA +APPARMOR +SMACK +SYSVINIT +UTMP +LIBCRYPTSETUP +GCRYPT +GNUTLS +ACL +XZ -LZ4 +SECCOMP +BLKID +ELFUTILS +KMOD -IDN)
[   11.544305] systemd[1]: Detected virtualization oracle.
[   11.547912] systemd[1]: Detected architecture x86-64.

Welcome to [1mUbuntu 16.04.7 LTS[0m!

[   11.559068] systemd[1]: Set hostname to <ubuntu>.
[   11.567270] systemd[1]: Initializing machine ID from random generator.
[   11.571791] systemd[1]: Installed transient /etc/machine-id file.
[   11.816796] systemd[1]: Reached target Swap.
[[0;32m  OK  [0m] Reached target Swap.
[   11.822690] systemd[1]: Created slice User and Session Slice.
[[0;32m  OK  [0m] Created slice User and Session Slice.
[   11.828820] systemd[1]: Set up automount Arbitrary Executable File Formats File System Automount Point.
[[0;32m  OK  [0m] Set up automount Arbitrary Executab...ats File System Automount Point.
[   11.838520] systemd[1]: Started Trigger resolvconf update for networkd DNS.
[[0;32m  OK  [0m] Started Trigger resolvconf update for networkd DNS.
[   11.846563] systemd[1]: Reached target User and Group Name Lookups.
[[0;32m  OK  [0m] Reached target User and Group Name Lookups.
[   11.853256] systemd[1]: Listening on Device-mapper event daemon FIFOs.
[[0;32m  OK  [0m] Listening on Device-mapper event daemon FIFOs.
[   11.860921] systemd[1]: Listening on Journal Socket (/dev/log).
[[0;32m  OK  [0m] Listening on Journal Socket (/dev/log).
[   11.866964] systemd[1]: Listening on /dev/initctl Compatibility Named Pipe.
[[0;32m  OK  [0m] Listening on /dev/initctl Compatibility Named Pipe.
[   11.874552] systemd[1]: Listening on Journal Socket.
[[0;32m  OK  [0m] Listening on Journal Socket.
[   11.880191] systemd[1]: Listening on udev Control Socket.
[[0;32m  OK  [0m] Listening on udev Control Socket.
[   11.885942] systemd[1]: Reached target Encrypted Volumes.
[[0;32m  OK  [0m] Reached target Encrypted Volumes.
[   11.891881] systemd[1]: Reached target System Time Synchronized.
[[0;32m  OK  [0m] Reached target System Time Synchronized.
[   11.899142] systemd[1]: Listening on LVM2 poll daemon socket.
[[0;32m  OK  [0m] Listening on LVM2 poll daemon socket.
[   11.905448] systemd[1]: Listening on Journal Audit Socket.
[[0;32m  OK  [0m] Listening on Journal Audit Socket.
[   11.911385] systemd[1]: Listening on Syslog Socket.
[[0;32m  OK  [0m] Listening on Syslog Socket.
[   11.928953] systemd[1]: Created slice System Slice.
[[0;32m  OK  [0m] Created slice System Slice.
[   11.944244] systemd[1]: Starting Journal Service...
         Starting Journal Service...
[   11.953393] systemd[1]: Starting Uncomplicated firewall...
         Starting Uncomplicated firewall...
[   11.963449] systemd[1]: Starting Remount Root and Kernel File Systems...
         Starting Remount Root and Kernel File Systems...
[   11.974583] systemd[1]: Reached target Slices.
[   11.981035] EXT4-fs (sda1): re-mounted. Opts: (null)
[[0;32m  OK  [0m] Reached target Slices.
[   12.004969] systemd[1]: Starting Load Kernel Modules...
         Starting Load Kernel Modules...
[   12.020508] systemd[1]: Mounting Debug File System...
[   12.028490] Loading iSCSI transport class v2.0-870.
         Mounting Debug File System...
[   12.036996] systemd[1]: Starting Create list of required static device nodes for the current kernel...
         Starting Create list of required st... nodes for the current kernel...
[   12.054547] systemd[1]: Starting Set console keymap...
[   12.060838] iscsi: registered transport (tcp)
         Starting Set console keymap...
[   12.070034] systemd[1]: Starting Nameserver information manager...
         Starting Nameserver information manager...
[   12.083192] systemd[1]: Mounting POSIX Message Queue File System...
         Mounting POSIX Message Queue File System...
[   12.093937] systemd[1]: Created slice system-serial\x2dgetty.slice.
[[0;32m  OK  [0m] Created slice system-serial\x2dgetty.slice.
[   12.104938] systemd[1]: Listening on udev Kernel Socket.
[[0;32m  OK  [0m] Listening on udev Kernel Socket.
[   12.112383] systemd[1]: Mounting Huge Pages File System...
         Mounting Huge Pages File System...
[   12.124062] systemd[1]: Started Forward Password Requests to Wall Directory Watch.
[[0;32m  OK  [0m] Started Forward Password Requests to Wall Directory Watch.
[   12.134435] systemd[1]: Listening on LVM2 metadata daemon socket.
[[0;32m  OK  [0m] Listening on LVM2 metadata daemon socket.
[   12.145055] systemd[1]: Starting Monitoring of LVM2 mirrors, snapshots etc. using dmeventd or progress polling...
         Starting Monitoring of LVM2 mirrors... dmeventd or progress polling...
[   12.162210] systemd[1]: Mounted POSIX Message Queue File System.
[[0;32m  OK  [0m] Mounted POSIX Message Queue File System.
[   12.177280] systemd[1]: Mounted Huge Pages File System.
[[0;32m  OK  [0m] Mounted Huge Pages File System.
[   12.185837] systemd[1]: Mounted Debug File System.
[[0;32m  OK  [0m] Mounted Debug File System.
[   12.194555] systemd[1]: Started Journal Service.
[[0;32m  OK  [0m] Started Journal Service.
[[0;32m  OK  [0m] Started Uncomplicated firewall.
[[0;32m  OK  [0m] Started Remount Root and Kernel File Systems.
[[0;32m  OK  [0m] Started Create list of required sta...ce nodes for the current kernel.
[[0;32m  OK  [0m] Started Set console keymap.
[   12.231565] iscsi: registered transport (iser)
[[0;32m  OK  [0m] Started Load Kernel Modules.
[[0;32m  OK  [0m] Started Nameserver information manager.
[[0;32m  OK  [0m] Started LVM2 metadata daemon.
         Starting Apply Kernel Variables...
         Mounting FUSE Control File System...
         Starting Create Static Device Nodes in /dev...
         Starting Load/Save Random Seed...
         Starting udev Coldplug all Devices...
         Starting Flush Journal to Persistent Storage...
[[0;32m  OK  [0m] Mounted FUSE Control File System.
[[0;32m  OK  [0m] Started Load/Save Random Seed.
[[0;32m  OK  [0m] Started Apply Kernel Variables.
[[0;32m  OK  [0m] Started Flush Journal to Persistent Storage.
[[0;32m  OK  [0m] Started Create Static Device Nodes in /dev.
         Starting udev Kernel Device Manager...
[[0;32m  OK  [0m] Started udev Kernel Device Manager.
[[0;32m  OK  [0m] Started udev Coldplug all Devices.
[[0;32m  OK  [0m] Started Dispatch Password Requests to Console Directory Watch.
[[0;32m  OK  [0m] Found device /dev/ttyS0.
[[0;32m  OK  [0m] Listening on Load/Save RF Kill Switch Status /dev/rfkill Watch.
[[0;32m  OK  [0m] Started Monitoring of LVM2 mirrors,...ng dmeventd or progress polling.
[[0;32m  OK  [0m] Reached target Local File Systems (Pre).
[[0;32m  OK  [0m] Reached target Local File Systems.
         Starting LSB: AppArmor initialization...
         Starting Create Volatile Files and Directories...
         Starting Tell Plymouth To Write Out Runtime Data...
         Starting Commit a transient machine-id on disk...
         Starting Set console font and keymap...
         Starting Initial cloud-init job (pre-networking)...
[[0;32m  OK  [0m] Started Create Volatile Files and Directories.
[[0;32m  OK  [0m] Started Tell Plymouth To Write Out Runtime Data.
[[0;32m  OK  [0m] Started Commit a transient machine-id on disk.
         Starting Update UTMP about System Boot/Shutdown...
[[0;32m  OK  [0m] Started Update UTMP about System Boot/Shutdown.
[[0;32m  OK  [0m] Started LSB: AppArmor initialization.
         Starting Load AppArmor profiles managed internally by snapd...
[[0;32m  OK  [0m] Started Load AppArmor profiles managed internally by snapd.
[   14.785653] cloud-init[605]: Cloud-init v. 20.4.1-0ubuntu1~16.04.1 running 'init-local' at Mon, 15 Feb 2021 07:36:48 +0000. Up 14.45 seconds.
[[0;32m  OK  [0m] Started Initial cloud-init job (pre-networking).
[[0;32m  OK  [0m] Reached target Network (Pre).
         Starting Raise network interfaces...
[[0;32m  OK  [0m] Started Set console font and keymap.
[[0;32m  OK  [0m] Created slice system-getty.slice.
[[0;32m  OK  [0m] Started Raise network interfaces.
[[0;32m  OK  [0m] Reached target Network.
         Starting Initial cloud-init job (metadata service crawler)...
[   15.999229] cloud-init[944]: Cloud-init v. 20.4.1-0ubuntu1~16.04.1 running 'init' at Mon, 15 Feb 2021 07:36:49 +0000. Up 15.40 seconds.
[   16.003721] cloud-init[944]: ci-info: ++++++++++++++++++++++++++++++++++++++Net device info++++++++++++++++++++++++++++++++++++++
[   16.008602] cloud-init[944]: ci-info: +--------+-------+---------------------------+---------------+--------+-------------------+
[   16.013129] cloud-init[944]: ci-info: | Device |   Up  |          Address          |      Mask     | Scope  |     Hw-Address    |
[   16.017771] cloud-init[944]: ci-info: +--------+-------+---------------------------+---------------+--------+-------------------+
[   16.022785] cloud-init[944]: ci-info: | enp0s3 |  True |         10.0.2.15         | 255.255.255.0 | global | 02:0d:1b:31:1c:74 |
[   16.027335] cloud-init[944]: ci-info: | enp0s3 |  True | fe80::d:1bff:fe31:1c74/64 |       .       |  link  | 02:0d:1b:31:1c:74 |
[   16.031774] cloud-init[944]: ci-info: | enp0s8 | False |             .             |       .       |   .    | 08:00:27:cb:b1:30 |
[   16.036261] cloud-init[944]: ci-info: |   lo   |  True |         127.0.0.1         |   255.0.0.0   |  host  |         .         |
[   16.041125] cloud-init[944]: ci-info: |   lo   |  True |          ::1/128          |       .       |  host  |         .         |
[   16.045622] cloud-init[944]: ci-info: +--------+-------+---------------------------+---------------+--------+-------------------+
[   16.050195] cloud-init[944]: ci-info: +++++++++++++++++++++++++++Route IPv4 info++++++++++++++++++++++++++++
[   16.054018] cloud-init[944]: ci-info: +-------+-------------+----------+---------------+-----------+-------+
[   16.058325] cloud-init[944]: ci-info: | Route | Destination | Gateway  |    Genmask    | Interface | Flags |
[   16.062502] cloud-init[944]: ci-info: +-------+-------------+----------+---------------+-----------+-------+
[   16.066644] cloud-init[944]: ci-info: |   0   |   0.0.0.0   | 10.0.2.2 |    0.0.0.0    |   enp0s3  |   UG  |
[   16.070767] cloud-init[944]: ci-info: |   1   |   10.0.2.0  | 0.0.0.0  | 255.255.255.0 |   enp0s3  |   U   |
[   16.075322] cloud-init[944]: ci-info: +-------+-------------+----------+---------------+-----------+-------+
[   16.079437] cloud-init[944]: ci-info: +++++++++++++++++++Route IPv6 info+++++++++++++++++++
[   16.083011] cloud-init[944]: ci-info: +-------+-------------+---------+-----------+-------+
[   16.086445] cloud-init[944]: ci-info: | Route | Destination | Gateway | Interface | Flags |
[   16.090222] cloud-init[944]: ci-info: +-------+-------------+---------+-----------+-------+
[   16.093785] cloud-init[944]: ci-info: |   0   |  fe80::/64  |    ::   |   enp0s3  |   U   |
[   16.097657] cloud-init[944]: ci-info: |   3   |   ff00::/8  |    ::   |   enp0s3  |   U   |
[   16.101104] cloud-init[944]: ci-info: +-------+-------------+---------+-----------+-------+
[   16.104829] cloud-init[944]: Generating public/private rsa key pair.
[   16.107771] cloud-init[944]: Your identification has been saved in /etc/ssh/ssh_host_rsa_key.
[   16.111394] cloud-init[944]: Your public key has been saved in /etc/ssh/ssh_host_rsa_key.pub.
[   16.115137] cloud-init[944]: The key fingerprint is:
[   16.117730] cloud-init[944]: SHA256:17Y+kWGJRQrbP9nMeHw7kX6E3wVOiydCV1dUZTkc7zM root@ubuntu-xenial
[   16.121644] cloud-init[944]: The key's randomart image is:
[   16.124516] cloud-init[944]: +---[RSA 2048]----+
[   16.126939] cloud-init[944]: |        .  .. oo&|
[   16.129612] cloud-init[944]: |         + ... *.|
[   16.132116] cloud-init[944]: |        . +o..o o|
[   16.134818] cloud-init[944]: |         ..++@ =.|
[   16.135576] cloud-init[944]: |        S o.Xo@E=|
[   16.136128] cloud-init[944]: |         . oo*.+B|
[   16.136373] cloud-init[944]: |            .. ++|
[   16.136684] cloud-init[944]: |           ..   o|
[   16.137013] cloud-init[944]: |            ..   |
[   16.137331] cloud-init[944]: +----[SHA256]-----+
[   16.137652] cloud-init[944]: Generating public/private dsa key pair.
[   16.137980] cloud-init[944]: Your identification has been saved in /etc/ssh/ssh_host_dsa_key.
[   16.138294] cloud-init[944]: Your public key has been saved in /etc/ssh/ssh_host_dsa_key.pub.
[   16.138614] cloud-init[944]: The key fingerprint is:
[   16.138934] cloud-init[944]: SHA256:ZqZqCE5yvYMgvsDRx6NgkxRaNzDPRm32XtTfALmd4QM root@ubuntu-xenial
[   16.139003] cloud-init[944]: The key's randomart image is:
[   16.139069] cloud-init[944]: +---[DSA 1024]----+
[   16.139497] cloud-init[944]: | .+.+.     ..o   |
[   16.139821] cloud-init[944]: |...* .+   . E o  |
[   16.140563] cloud-init[944]: |..  +o . .   * = |
[   16.140887] cloud-init[944]: |. o..   . . . * .|
[   16.141201] cloud-init[944]: | * o + .S.     . |
[   16.141536] cloud-init[944]: |B.= + .=.        |
[   16.141866] cloud-init[944]: |B= + ..          |
[   16.142183] cloud-init[944]: |.oo +.           |
[   16.142505] cloud-init[944]: | .....           |
[   16.142833] cloud-init[944]: +----[SHA256]-----+
[   16.143159] cloud-init[944]: Generating public/private ecdsa key pair.
[   16.143478] cloud-init[944]: Your identification has been saved in /etc/ssh/ssh_host_ecdsa_key.
[   16.143812] cloud-init[944]: Your public key has been saved in /etc/ssh/ssh_host_ecdsa_key.pub.
[   16.144502] cloud-init[944]: The key fingerprint is:
[   16.144831] cloud-init[944]: SHA256:NmO46PtQrKk5goTl+/NCf1AVTtkFL2LxMgCeTtgAAL8 root@ubuntu-xenial
[   16.145148] cloud-init[944]: The key's randomart image is:
[   16.145469] cloud-init[944]: +---[ECDSA 256]---+
[   16.145796] cloud-init[944]: |+.... ... ++.o.  |
[   16.146120] cloud-init[944]: | .   = . +oo..   |
[   16.146447] cloud-init[944]: |  . . =  .* o .  |
[   16.146772] cloud-init[944]: |  .. + ... + .   |
[   16.147096] cloud-init[944]: |.oE   =.S        |
[   16.147424] cloud-init[944]: |... .=.+ o       |
[   16.147752] cloud-init[944]: |o  o=...         |
[   16.148455] cloud-init[944]: |o o+o.. .        |
[   16.148769] cloud-init[944]: | .oo+*o.         |
[   16.149098] cloud-init[944]: +----[SHA256]-----+
[   16.149412] cloud-init[944]: Generating public/private ed25519 key pair.
[   16.149738] cloud-init[944]: Your identification has been saved in /etc/ssh/ssh_host_ed25519_key.
[   16.150055] cloud-init[944]: Your public key has been saved in /etc/ssh/ssh_host_ed25519_key.pub.
[   16.150373] cloud-init[944]: The key fingerprint is:
[   16.150684] cloud-init[944]: SHA256:bxctTL4oNq0GyennVTFi+fiAu1X3+sWXkCn4/KAb0Dw root@ubuntu-xenial
[   16.150750] cloud-init[944]: The key's randomart image is:
[   16.150816] cloud-init[944]: +--[ED25519 256]--+
[   16.151120] cloud-init[944]: |                 |
[   16.151188] cloud-init[944]: |           .     |
[   16.151263] cloud-init[944]: |          + +    |
[   16.151701] cloud-init[944]: |        oo.B +o  |
[   16.152015] cloud-init[944]: |     . +SEo.O+o  |
[   16.152703] cloud-init[944]: |      = .++*.=.o.|
[   16.153015] cloud-init[944]: |     . .=.B++  .=|
[   16.153334] cloud-init[944]: |      ..oOo.o  .o|
[   16.153663] cloud-init[944]: |       ++o.  ....|
[   16.153981] cloud-init[944]: +----[SHA256]-----+
[[0;32m  OK  [0m] Started Initial cloud-init job (metadata service crawler).
[[0;32m  OK  [0m] Reached target Cloud-config availability.
[[0;32m  OK  [0m] Reached target Network is Online.
         Starting iSCSI initiator daemon (iscsid)...
[[0;32m  OK  [0m] Reached target System Initialization.
[[0;32m  OK  [0m] Listening on D-Bus System Message Bus Socket.
         Starting Socket activation for snappy daemon.
[[0;32m  OK  [0m] Listening on UUID daemon activation socket.
[[0;32m  OK  [0m] Started Message of the Day.
         Starting LXD - unix socket.
[[0;32m  OK  [0m] Started ACPI Events Check.
[[0;32m  OK  [0m] Reached target Paths.
[[0;32m  OK  [0m] Started Daily Cleanup of Temporary Directories.
[[0;32m  OK  [0m] Listening on ACPID Listen Socket.
[[0;32m  OK  [0m] Started Daily apt download activities.
[[0;32m  OK  [0m] Started Daily apt upgrade and clean activities.
[[0;32m  OK  [0m] Reached target Timers.
[[0;32m  OK  [0m] Listening on Socket activation for snappy daemon.
[[0;32m  OK  [0m] Listening on LXD - unix socket.
[[0;32m  OK  [0m] Reached target Sockets.
[[0;32m  OK  [0m] Reached target Basic System.
         Starting Pollinate to seed the pseudo random number generator...
         Starting Virtualbox guest utils...
[[0;32m  OK  [0m] Started Deferred execution scheduler.
         Starting Accounts Service...
         Starting Login Service...
         Starting LSB: MD monitoring daemon...
[[0;32m  OK  [0m] Started D-Bus System Message Bus.
         Starting LSB: Record successful boot for GRUB...
[[0;32m  OK  [0m] Started ACPI event daemon.
         Starting LXD - container startup/shutdown...
         Starting System Logging Service...
[[0;32m  OK  [0m] Started FUSE filesystem for LXC.
         Starting /etc/rc.local Compatibility...
[[0;32m  OK  [0m] Started Regular background program processing daemon.
         Starting Snap Daemon...
[[0;32m  OK  [0m] Started iSCSI initiator daemon (iscsid).
[[0;32m  OK  [0m] Started /etc/rc.local Compatibility.
[[0;32m  OK  [0m] Started Login Service.
[[0;32m  OK  [0m] Started Unattended Upgrades Shutdown.
         Starting Authenticate and Authorize Users to Run Privileged Tasks...
         Starting Login to default iSCSI targets...
[[0;32m  OK  [0m] Started System Logging Service.
[[0;32m  OK  [0m] Started LSB: MD monitoring daemon.
[[0;32m  OK  [0m] Started LSB: Record successful boot for GRUB.
[[0;32m  OK  [0m] Started Login to default iSCSI targets.
[[0;32m  OK  [0m] Reached target Remote File Systems (Pre).
[[0;32m  OK  [0m] Reached target Remote File Systems.
         Starting LSB: Set the CPU Frequency Scaling governor to "ondemand"...
         Starting Permit User Sessions...
         Starting LSB: automatic crash report generation...
         Starting LSB: daemon to balance interrupts for SMP systems...
[[0;32m  OK  [0m] Started Permit User Sessions.
[[0;32m  OK  [0m] Started Authenticate and Authorize Users to Run Privileged Tasks.
[[0;32m  OK  [0m] Started Accounts Service.
         Starting Terminate Plymouth Boot Screen...
         Starting Hold until boot process finishes up...
[[0;32m  OK  [0m] Started LSB: Set the CPU Frequency Scaling governor to "ondemand".
[[0;32m  OK  [0m] Started LSB: automatic crash report generation.
[[0;32m  OK  [0m] Started Terminate Plymouth Boot Screen.
[[0;32m  OK  [0m] Started Hold until boot process finishes up.
[[0;32m  OK  [0m] Started Getty on tty1.
         Starting Set console scheme...
[[0;32m  OK  [0m] Started Serial Getty on ttyS0.
[[0;32m  OK  [0m] Reached target Login Prompts.
[[0;32m  OK  [0m] Started LXD - container startup/shutdown.
[[0;32m  OK  [0m] Started Set console scheme.
[[0;32m  OK  [0m] Started Virtualbox guest utils.
[[0;32m  OK  [0m] Started LSB: daemon to balance interrupts for SMP systems.
[[0;32m  OK  [0m] Started Snap Daemon.
         Starting Wait until snapd is fully seeded...
[[0;32m  OK  [0m] Started Pollinate to seed the pseudo random number generator.
         Starting OpenBSD Secure Shell server...
[[0;32m  OK  [0m] Started OpenBSD Secure Shell server.
[[0;32m  OK  [0m] Created slice User Slice of vagrant.
         Starting User Manager for UID 1000...
[[0;32m  OK  [0m] Started Session 1 of user vagrant.
[[0;32m  OK  [0m] Started User Manager for UID 1000.
[   22.834032] cloud-init[1546]: Generating locales (this might take a while)...

Ubuntu 16.04.7 LTS ubuntu-xenial ttyS0

ubuntu-xenial login: [   23.969108] cloud-init[1546]:   en_US.UTF-8... done
[   23.971045] cloud-init[1546]: Generation complete.
[   24.245955] cloud-init[1546]: Cloud-init v. 20.4.1-0ubuntu1~16.04.1 running 'modules:config' at Mon, 15 Feb 2021 07:36:56 +0000. Up 22.74 seconds.
ci-info: no authorized SSH keys fingerprints found for user ubuntu.
<14>Feb 15 07:36:58 ec2: 
<14>Feb 15 07:36:58 ec2: #############################################################
<14>Feb 15 07:36:58 ec2: -----BEGIN SSH HOST KEY FINGERPRINTS-----
<14>Feb 15 07:36:58 ec2: 1024 SHA256:ZqZqCE5yvYMgvsDRx6NgkxRaNzDPRm32XtTfALmd4QM root@ubuntu-xenial (DSA)
<14>Feb 15 07:36:58 ec2: 256 SHA256:NmO46PtQrKk5goTl+/NCf1AVTtkFL2LxMgCeTtgAAL8 root@ubuntu-xenial (ECDSA)
<14>Feb 15 07:36:58 ec2: 256 SHA256:bxctTL4oNq0GyennVTFi+fiAu1X3+sWXkCn4/KAb0Dw root@ubuntu-xenial (ED25519)
<14>Feb 15 07:36:58 ec2: 2048 SHA256:17Y+kWGJRQrbP9nMeHw7kX6E3wVOiydCV1dUZTkc7zM root@ubuntu-xenial (RSA)
<14>Feb 15 07:36:58 ec2: -----END SSH HOST KEY FINGERPRINTS-----
<14>Feb 15 07:36:58 ec2: #############################################################
-----BEGIN SSH HOST KEY KEYS-----
ecdsa-sha2-nistp256 AAAAE2VjZHNhLXNoYTItbmlzdHAyNTYAAAAIbmlzdHAyNTYAAABBBPVS+UJYPyLz/mTjeThH2/Frf7Zq78k9zZoPCoyzX77/ca00F/TBkflmJq7u4piTwHAaQsO0bsZ4uTZCLjg+smM= root@ubuntu-xenial
ssh-ed25519 AAAAC3NzaC1lZDI1NTE5AAAAIFFMEULANacfJwjYyoSzRfOn6sux1xK9crl63RmgkF3f root@ubuntu-xenial
ssh-rsa AAAAB3NzaC1yc2EAAAADAQABAAABAQDt3fzvFRNtazePyKRYp1RSpBSgD7iU9bxYjRljQGykAOPdNn+uua9mg3/AdhlOtKT1SrvoZM2g0KsQUcw0/9oVKVaJNbGcAt//be1MjcAEGlkaJlYVqzJcIp1JocOvooZAkjCVW98IujhNc1N79TBKcKp8ThNHUYSfMwUAsTYjb1Fqo6Kb9eHYOh9QZ5HCGUZyOah0y6+EAxc9/GcJxrQZDqy6P6JIvRqnJz9q5ilSbONwiHk9pb4Jt1hx8GavHmGSK7bH2SBZt4wIpfk8yEVaVxbzfc7W7ZiwKGOkm+jJUoXiACKr0vpBNkIbmxVXvRUOPz4jFG3L8HVYUyn8R809 root@ubuntu-xenial
-----END SSH HOST KEY KEYS-----
[   24.633556] cloud-init[1774]: Cloud-init v. 20.4.1-0ubuntu1~16.04.1 running 'modules:final' at Mon, 15 Feb 2021 07:36:58 +0000. Up 24.50 seconds.
[   24.633845] cloud-init[1774]: ci-info: no authorized SSH keys fingerprints found for user ubuntu.
[   24.634115] cloud-init[1774]: Cloud-init v. 20.4.1-0ubuntu1~16.04.1 finished at Mon, 15 Feb 2021 07:36:58 +0000. Datasource DataSourceNoCloud [seed=/dev/sdb][dsmode=net].  Up 24.62 seconds
